// Jest Snapshot v1, https://goo.gl/fbAQLP

exports[`toJsonLdGraph BlogPost has 2 objects in graph 1`] = `
Object {
  "@context": "https://schema.org",
  "@graph": Array [
    Object {
      "@id": "_:1",
      "author": Object {
        "@id": "fasdf",
      },
      "dateCreated": "2019-09-06",
      "description": "Some description",
      "headline": "Fourth post",
      "keywords": Array [
        "schema.org",
      ],
    },
    Object {
      "@id": "fasdf",
      "name": "Jane Doe",
      "telephone": "(425) 123-4567",
      "url": "http://www.janedoe.com",
    },
  ],
}
`;

exports[`toJsonLdGraph Nested object without @id SiteNavigationElement has no @id so not flatten in graph 1`] = `
Object {
  "@context": "https://schema.org",
  "@graph": Array [
    Object {
      "@id": "https://example.com",
      "@type": "Website",
      "hasPart": Array [
        Object {
          "@id": "header",
        },
      ],
      "headline": "My site",
    },
    Object {
      "@id": "header",
      "@type": "WPHeader",
      "hasPart": Array [
        Object {
          "@type": "SiteNavigationElement",
          "name": "About",
          "url": "/about",
        },
        Object {
          "@type": "SiteNavigationElement",
          "name": "Docs",
          "url": "/docs",
        },
      ],
    },
  ],
}
`;
